public/00024.png
public/00027.png
public/00038.png
public/00049.png
public/00050.png
public/00066.png
public/00067.png
public/00126.png
public/00150.png
public/00158.png
public/00162.png
public/00163.png
public/00166.png
public/00167.png
public/00169.png
public/00184.png
public/00185.png
public/00193.png
public/00199.png
public/00206.png
public/ace1-3.png
public/addict7-addict7.png
public/andy.png
public/angelface.png
public/angelina.png
public/animifelicia-2.png
public/aussiegirl.png
public/austinpowers.png
public/awesome.png
public/babytaz.png
public/ba-devilspawnpng.png
public/bart.png
public/bart2.png
public/bartender-bartender3.png
public/baywatch.png
public/bh-braveheart.png
public/bigpoppa-hellspawn.png
public/biker.png
public/bird.png
public/blackvelvet.png
public/blind.png
public/bloke.png
public/blonde.png
public/blondeangel.png
public/blue.png
public/blue-shadow-blueshadow.png
public/bonny.png
public/booger-clone.png
public/bratz.png
public/bravelander-bravelander.png
public/bridesmaid.png
public/britbabe-gent3.png
public/britenite-devil-gal.png
public/brunette.png
public/buildabong-bonghit.png
public/business1.png
public/business2.png
public/business3.png
public/buzzard.png
public/cacodemon.png
public/calvin.png
public/canadian.png
public/cappy.png
public/carol34-carolsav.png
public/carone.png
public/cartman.png
public/cartmen.png
public/cartmen2.png
public/cassie.png
public/catgirl-ired.png
public/catmando.png
public/catswhiskers.png
public/catwoman.png
public/caveman.png
public/challyse.png
public/changed.png
public/chellebell-chellebell.png
public/chucko-avater-chucko.png
public/ciggy2.png
public/cinderella.png
public/cinstone-sailormoon.png
public/clone2-iclone2.png
public/cloney-cavy1.png
public/cloud.png
public/clyde.png
public/coldsolo.png
public/cookie.png
public/coolchic-shaniatwain.png
public/cooljim-cooljim.png
public/coolmickey.png
public/coolspot.png
public/crappot-calvin.png
public/creaturesnorns.png
public/crewcut2.png
public/cutie.png
public/cutie1.png
public/cybermeister.png
public/daface1.png
public/daisy.png
public/danea.png
public/daniel.png
public/darian.png
public/darkchylde.png
public/darkrk.png
public/david.png
public/dead.png
public/dearjon.png
public/def-angel.png
public/defaultavdevil.png
public/defaultavpurple.png
public/deliaangel-mustardseed.png
public/demonfire.png
public/diver.png
public/djz-blktie.png
public/djz-guy.png
public/djz-trekng.png
public/doomguy.png
public/dragon.png
public/einstein.png
public/elvira.png
public/emeraldsmonster.png
public/epic-inferno.png
public/espikeguy.png
public/evolution-doughboy.png
public/ewhipit.png
public/eyeball.png
public/face.png
public/fedagent.png
public/federal.png
public/felix.png
public/fett.png
public/frog.png
public/frosty.png
public/gabby.png
public/gabriel.png
public/garfield.png
public/gatelady.png
public/girlie.png
public/goldguy.png
public/harleyquin.png
public/haveaniceday.png
public/horsegal.png
public/humbah-drip.png
public/ironman.png
public/janell1.png
public/janell2.png
public/jazzy.png
public/jen.png
public/jess.png
public/jester.png
public/jimcricket.png
public/joy.png
public/judy.png
public/justka2.png
public/karla2.png
public/kbm-kbm.png
public/ken-ohki.png
public/krista.png
public/kyle.png
public/lady.png
public/ladyir.png
public/maidsim.png
public/mars.png
public/max.png
public/mech.png
public/megryan.png
public/meow.png
public/merl.png
public/merlina.png
public/mermaids.png
public/mrpeanut.png
public/odie.png
public/orangecat.png
public/paradox.png
public/pkmhk.png
public/polarbear.png
public/pooch.png
public/pooh.png
public/punkgirl.png
public/puppy.png
public/redhead.png
public/redheads.png
public/robsnewav.png
public/rosa1.png
public/rr.png
public/ryu.png
public/scully.png
public/sillyme.png
public/siren-icaraavatarwind.png
public/smiley.png
public/sonic.png
public/spacefox.png
public/sphere2.png
public/spider.png
public/spiderman.png
public/starguy.png
public/taz.png
public/thudersbar1.png
public/thudersmith.png
public/thudersverynice.png
public/tigger.png
public/tigger2.png
public/tinkerbell.png
public/tinyb.png
public/tooner.png
public/tweetiebird.png
public/tweety2000.png
public/ulied.png
public/unicorn.png
public/unicorn2.png
public/vamp.png
public/v-bulb.png
public/venus.png
public/verynice2.png
public/verynice3.png
public/v-handdark.png
public/v-handlite.png
public/viaeventevfemredrag.png
public/v-lunch.png
public/v-pearly.png
public/v-smile.png
public/whitetease.png
public/winniethepooh.png
public/wizard.png
public/wolf.png
public/woof.png
public/xdoubsdrs.png
public/yellowsavatarv2.png